// Jest Snapshot v1, https://goo.gl/fbAQLP

exports[`Login page is shown for our app for supported URLs tests at URL / 1`] = `
Object {
  "asFragment": [Function],
  "baseElement": <body>
    <div>
      <select
        class="form-select"
        id="user-select"
        name="users"
        variant="dark"
      >
        <option
          value="sarahedo"
        >
          Sarah Edo
        </option>
        <option
          value="tylermcginnis"
        >
          Tyler McGinnis
        </option>
        <option
          value="mtsamis"
        >
          Mike Tsamis
        </option>
        <option
          value="zoshikanlu"
        >
          Zenobia Oshikanlu
        </option>
      </select>
      <button
        class="form-control btn btn-dark"
        type="submit"
      >
        Login
      </button>
    </div>
  </body>,
  "container": <div>
    <select
      class="form-select"
      id="user-select"
      name="users"
      variant="dark"
    >
      <option
        value="sarahedo"
      >
        Sarah Edo
      </option>
      <option
        value="tylermcginnis"
      >
        Tyler McGinnis
      </option>
      <option
        value="mtsamis"
      >
        Mike Tsamis
      </option>
      <option
        value="zoshikanlu"
      >
        Zenobia Oshikanlu
      </option>
    </select>
    <button
      class="form-control btn btn-dark"
      type="submit"
    >
      Login
    </button>
  </div>,
  "debug": [Function],
  "findAllByAltText": [Function],
  "findAllByDisplayValue": [Function],
  "findAllByLabelText": [Function],
  "findAllByPlaceholderText": [Function],
  "findAllByRole": [Function],
  "findAllByTestId": [Function],
  "findAllByText": [Function],
  "findAllByTitle": [Function],
  "findByAltText": [Function],
  "findByDisplayValue": [Function],
  "findByLabelText": [Function],
  "findByPlaceholderText": [Function],
  "findByRole": [Function],
  "findByTestId": [Function],
  "findByText": [Function],
  "findByTitle": [Function],
  "getAllByAltText": [Function],
  "getAllByDisplayValue": [Function],
  "getAllByLabelText": [Function],
  "getAllByPlaceholderText": [Function],
  "getAllByRole": [Function],
  "getAllByTestId": [Function],
  "getAllByText": [Function],
  "getAllByTitle": [Function],
  "getByAltText": [Function],
  "getByDisplayValue": [Function],
  "getByLabelText": [Function],
  "getByPlaceholderText": [Function],
  "getByRole": [Function],
  "getByTestId": [Function],
  "getByText": [Function],
  "getByTitle": [Function],
  "queryAllByAltText": [Function],
  "queryAllByDisplayValue": [Function],
  "queryAllByLabelText": [Function],
  "queryAllByPlaceholderText": [Function],
  "queryAllByRole": [Function],
  "queryAllByTestId": [Function],
  "queryAllByText": [Function],
  "queryAllByTitle": [Function],
  "queryByAltText": [Function],
  "queryByDisplayValue": [Function],
  "queryByLabelText": [Function],
  "queryByPlaceholderText": [Function],
  "queryByRole": [Function],
  "queryByTestId": [Function],
  "queryByText": [Function],
  "queryByTitle": [Function],
  "rerender": [Function],
  "store": Object {
    "@@observable": [Function],
    "dispatch": [Function],
    "getState": [Function],
    "replaceReducer": [Function],
    "subscribe": [Function],
  },
  "unmount": [Function],
}
`;
